2026-08-21T14:00:01Z INFO payment-service Starting up
2026-08-21T14:00:05Z INFO payment-service Health check OK
2026-08-21T14:01:00Z INFO payment-service Processing order #1001
2026-08-21T14:01:15Z INFO payment-service Order #1001 completed
2026-08-21T14:02:00Z INFO payment-service Processing order #1002
2026-08-21T14:02:30Z WARN payment-service Slow query detected: 2.3s
2026-08-21T14:03:00Z INFO payment-service Deploying version 2.1.0
2026-08-21T14:03:01Z INFO payment-service Processing order #1003
2026-08-21T14:03:02Z ERROR payment-service PaymentError: Gateway timeout
2026-08-21T14:03:03Z ERROR payment-service PaymentError: Gateway timeout
2026-08-21T14:03:04Z ERROR payment-service PaymentError: Gateway timeout
2026-08-21T14:03:05Z ERROR payment-service PaymentError: Gateway timeout
2026-08-21T14:03:06Z ERROR payment-service PaymentError: Gateway timeout
2026-08-21T14:03:07Z ERROR payment-service PaymentError: Gateway timeout
2026-08-21T14:03:08Z ERROR payment-service PaymentError: Gateway timeout
2026-08-21T14:03:09Z ERROR payment-service PaymentError: Gateway timeout
2026-08-21T14:03:10Z ERROR payment-service PaymentError: Gateway timeout
2026-08-21T14:03:11Z ERROR payment-service PaymentError: Gateway timeout
2026-08-21T14:03:12Z ERROR payment-service PaymentError: Gateway timeout
2026-08-21T14:03:13Z ERROR payment-service PaymentError: Gateway timeout
2026-08-21T14:03:14Z ERROR payment-service ConnectionError: Database pool exhausted
2026-08-21T14:03:15Z ERROR payment-service ConnectionError: Database pool exhausted
2026-08-21T14:03:16Z ERROR payment-service ConnectionError: Database pool exhausted
2026-08-21T14:03:17Z CRITICAL payment-service Traceback (most recent call last):
  File "/app/payment/service.py", line 42, in process_payment
    result = gateway.charge(amount, card)
  File "/app/payment/gateway.py", line 18, in charge
    raise PaymentError("Gateway timeout")
PaymentError: Gateway timeout
2026-08-21T14:03:18Z ERROR payment-service Failed to process order #1003
2026-08-21T14:03:19Z ERROR payment-service PaymentError: Gateway timeout
2026-08-21T14:03:20Z ERROR payment-service PaymentError: Gateway timeout
2026-08-21T14:03:21Z ERROR payment-service PaymentError: Gateway timeout
2026-08-21T14:03:22Z ERROR payment-service PaymentError: Gateway timeout
2026-08-21T14:03:23Z ERROR payment-service PaymentError: Gateway timeout
2026-08-21T14:03:24Z ERROR payment-service PaymentError: Gateway timeout
2026-08-21T14:03:25Z ERROR payment-service PaymentError: Gateway timeout
2026-08-21T14:03:26Z ERROR payment-service PaymentError: Gateway timeout
2026-08-21T14:03:27Z ERROR payment-service PaymentError: Gateway timeout
2026-08-21T14:03:28Z ERROR payment-service PaymentError: Gateway timeout
2026-08-21T14:03:29Z ERROR payment-service PaymentError: Gateway timeout
2026-08-21T14:03:30Z WARN payment-service Error rate elevated
2026-08-21T14:04:00Z INFO payment-service Attempting recovery
2026-08-21T14:04:30Z INFO payment-service Recovery successful
